// Jest Snapshot v1, https://goo.gl/fbAQLP

exports[`Match Screenshot 1`] = `
<footer
  className="footer"
>
  <button
    className="prev"
    tabIndex="0"
  >
    Prev
  </button>
  <button
    className="next"
    tabIndex="0"
  >
    Next
  </button>
</footer>
`;
